[   28036ms] Error: Element not found
    at http://localhost:8006/assets/admin/theme/assets/plugins/apexchart/apexcharts.min.js:14:36439
    at new Promise (<anonymous>)
    at t.value (http://localhost:8006/assets/admin/theme/assets/plugins/apexchart/apexcharts.min.js:14:21677)
    at HTMLDocument.<anonymous> (http://localhost:8006/assets/admin/theme/assets/js/index.js:160:9)
    at e (http://localhost:8006/assets/admin/theme/assets/js/jquery.min.js:2:30038)
    at t (http://localhost:8006/assets/admin/theme/assets/js/jquery.min.js:2:30340)
[   28036ms] Error: Element not found
    at http://localhost:8006/assets/admin/theme/assets/plugins/apexchart/apexcharts.min.js:14:36439
    at new Promise (<anonymous>)
    at t.value (http://localhost:8006/assets/admin/theme/assets/plugins/apexchart/apexcharts.min.js:14:21677)
    at HTMLDocument.<anonymous> (http://localhost:8006/assets/admin/theme/assets/js/index.js:238:9)
    at e (http://localhost:8006/assets/admin/theme/assets/js/jquery.min.js:2:30038)
    at t (http://localhost:8006/assets/admin/theme/assets/js/jquery.min.js:2:30340)
[   28036ms] Error: Element not found
    at http://localhost:8006/assets/admin/theme/assets/plugins/apexchart/apexcharts.min.js:14:36439
    at new Promise (<anonymous>)
    at t.value (http://localhost:8006/assets/admin/theme/assets/plugins/apexchart/apexcharts.min.js:14:21677)
    at HTMLDocument.<anonymous> (http://localhost:8006/assets/admin/theme/assets/js/index.js:333:9)
    at e (http://localhost:8006/assets/admin/theme/assets/js/jquery.min.js:2:30038)
    at t (http://localhost:8006/assets/admin/theme/assets/js/jquery.min.js:2:30340)
[   28036ms] Error: Element not found
    at http://localhost:8006/assets/admin/theme/assets/plugins/apexchart/apexcharts.min.js:14:36439
    at new Promise (<anonymous>)
    at t.value (http://localhost:8006/assets/admin/theme/assets/plugins/apexchart/apexcharts.min.js:14:21677)
    at HTMLDocument.<anonymous> (http://localhost:8006/assets/admin/theme/assets/js/index.js:403:9)
    at e (http://localhost:8006/assets/admin/theme/assets/js/jquery.min.js:2:30038)
    at t (http://localhost:8006/assets/admin/theme/assets/js/jquery.min.js:2:30340)
